Archive member included to satisfy reference by file (symbol)

/home/dumpram/arm-compilers/gcc-arm-none-eabi-5_4-2016q3/arm-none-eabi/lib/libc.a(lib_a-memcpy-stub.o)
                              /home/dumpram/Desktop/odroid-xen-rtos/lib/FreeRTOS/queue.o (memcpy)
/home/dumpram/arm-compilers/gcc-arm-none-eabi-5_4-2016q3/arm-none-eabi/lib/libc.a(lib_a-memset.o)
                              /home/dumpram/Desktop/odroid-xen-rtos/lib/utils/print.o (memset)
/home/dumpram/arm-compilers/gcc-arm-none-eabi-5_4-2016q3/arm-none-eabi/lib/libc.a(lib_a-strcpy.o)
                              /home/dumpram/Desktop/odroid-xen-rtos/lib/utils/print.o (strcpy)
/home/dumpram/arm-compilers/gcc-arm-none-eabi-5_4-2016q3/arm-none-eabi/lib/libc.a(lib_a-strlen-stub.o)
                              /home/dumpram/Desktop/odroid-xen-rtos/lib/utils/print.o (strlen)

Allocating common symbols
Common symbol       size              file

ulICCIAR            0x4               /home/dumpram/Desktop/odroid-xen-rtos/lib/FreeRTOS/portable/GCC/ARM_CA7/port.o
xQueueRegistry      0x50              /home/dumpram/Desktop/odroid-xen-rtos/lib/FreeRTOS/queue.o
ulICCPMR            0x4               /home/dumpram/Desktop/odroid-xen-rtos/lib/FreeRTOS/portable/GCC/ARM_CA7/port.o
gic                 0x8               /home/dumpram/Desktop/odroid-xen-rtos/drivers/irqchip/gic.o
xBinarySemaphore    0x4               main.o
phy_to_virt_offset  0x4               /home/dumpram/Desktop/odroid-xen-rtos/api/memory.o
ulICCEOIR           0x4               /home/dumpram/Desktop/odroid-xen-rtos/lib/FreeRTOS/portable/GCC/ARM_CA7/port.o

Memory Configuration

Name             Origin             Length             Attributes
*default*        0x00000000         0xffffffff

Linker script and memory map

LOAD /home/dumpram/Desktop/odroid-xen-rtos/api/time.o
LOAD /home/dumpram/Desktop/odroid-xen-rtos/api/memory.o
LOAD /home/dumpram/Desktop/odroid-xen-rtos/api/gpio.o
LOAD /home/dumpram/Desktop/odroid-xen-rtos/api/interrupt.o
LOAD /home/dumpram/Desktop/odroid-xen-rtos/arch/xen/hypercall.o
LOAD /home/dumpram/Desktop/odroid-xen-rtos/arch/arm/init.o
LOAD /home/dumpram/Desktop/odroid-xen-rtos/arch/arm/boot.o
LOAD /home/dumpram/Desktop/odroid-xen-rtos/arch/arm/vectors.o
LOAD /home/dumpram/Desktop/odroid-xen-rtos/arch/arm/cache.o
LOAD /home/dumpram/Desktop/odroid-xen-rtos/drivers/gpio/exynos5422-gpio.o
LOAD /home/dumpram/Desktop/odroid-xen-rtos/drivers/irqchip/gic.o
LOAD /home/dumpram/Desktop/odroid-xen-rtos/drivers/clocksource/gt.o
LOAD /home/dumpram/Desktop/odroid-xen-rtos/drivers/clocksource/gt_reg.o
LOAD /home/dumpram/Desktop/odroid-xen-rtos/lib/FreeRTOS/timers.o
LOAD /home/dumpram/Desktop/odroid-xen-rtos/lib/FreeRTOS/tasks.o
LOAD /home/dumpram/Desktop/odroid-xen-rtos/lib/FreeRTOS/event_groups.o
LOAD /home/dumpram/Desktop/odroid-xen-rtos/lib/FreeRTOS/queue.o
LOAD /home/dumpram/Desktop/odroid-xen-rtos/lib/FreeRTOS/portable/MemMang/heap_1.o
LOAD /home/dumpram/Desktop/odroid-xen-rtos/lib/FreeRTOS/portable/GCC/ARM_CA7/port.o
LOAD /home/dumpram/Desktop/odroid-xen-rtos/lib/FreeRTOS/portable/GCC/ARM_CA7/portASM.o
LOAD /home/dumpram/Desktop/odroid-xen-rtos/lib/FreeRTOS/list.o
LOAD /home/dumpram/Desktop/odroid-xen-rtos/lib/FreeRTOS/croutine.o
LOAD /home/dumpram/Desktop/odroid-xen-rtos/lib/utils/print.o
LOAD main.o
LOAD /home/dumpram/arm-compilers/gcc-arm-none-eabi-5_4-2016q3/lib/gcc/arm-none-eabi/5.4.1/libgcc.a
LOAD /home/dumpram/arm-compilers/gcc-arm-none-eabi-5_4-2016q3/arm-none-eabi/lib/libc.a
                0x00404000                _page_dir = 0x404000
                0x00408000                . = 0x408000

.text           0x00408000     0x6680
 *(.start)
 .start         0x00408000      0x1bc /home/dumpram/Desktop/odroid-xen-rtos/arch/arm/boot.o
                0x00408000                _start
 *(.text)
 .text          0x004081bc        0x0 /home/dumpram/Desktop/odroid-xen-rtos/api/time.o
 .text          0x004081bc       0x24 /home/dumpram/Desktop/odroid-xen-rtos/api/memory.o
                0x004081bc                memory_api_init
 .text          0x004081e0      0x134 /home/dumpram/Desktop/odroid-xen-rtos/api/gpio.o
                0x004081e0                gpio_api_init
                0x00408228                gpio_init
                0x00408268                gpio_set_value
                0x004082a0                gpio_set_direction
                0x004082e0                gpio_get_value
 .text          0x00408314      0x2c4 /home/dumpram/Desktop/odroid-xen-rtos/api/interrupt.o
                0x00408314                interrupt_api_init
                0x00408394                interrupt_disable_irq
                0x00408420                interrupt_enable_irq
                0x004084ac                interrupt_register_handler
                0x00408508                interrupt_set_priority
                0x00408594                irq_handler
 *fill*         0x004085d8        0x8 
 .text          0x004085e0      0x1bc /home/dumpram/Desktop/odroid-xen-rtos/arch/xen/hypercall.o
                0x004085e0                HYPERVISOR_set_trap_table
                0x004085f0                HYPERVISOR_mmu_update
                0x00408600                HYPERVISOR_mmuext_op
                0x00408610                HYPERVISOR_set_gdt
                0x00408620                HYPERVISOR_stack_switch
                0x00408630                HYPERVISOR_set_callbacks
                0x00408640                HYPERVISOR_fpu_taskswitch
                0x00408650                HYPERVISOR_sched_op
                0x00408660                HYPERVISOR_set_timer_op
                0x00408670                HYPERVISOR_set_debugreg
                0x00408680                HYPERVISOR_get_debugreg
                0x00408690                HYPERVISOR_update_descriptor
                0x004086a0                HYPERVISOR_memory_op
                0x004086b0                HYPERVISOR_multicall
                0x004086c0                HYPERVISOR_update_va_mapping
                0x004086d0                HYPERVISOR_event_channel_op
                0x004086e0                HYPERVISOR_xen_version
                0x004086f0                HYPERVISOR_console_io
                0x00408700                HYPERVISOR_physdev_op
                0x00408710                HYPERVISOR_grant_table_op
                0x00408720                HYPERVISOR_update_va_mapping_otherdomain
                0x00408730                HYPERVISOR_vm_assist
                0x00408740                HYPERVISOR_vcpu_op
                0x00408750                HYPERVISOR_set_segment_base
                0x00408760                HYPERVISOR_nmi_op
                0x00408770                HYPERVISOR_sysctl
                0x00408780                HYPERVISOR_domctl
                0x00408790                HYPERVISOR_hvm_op
 .text          0x0040879c      0x10c /home/dumpram/Desktop/odroid-xen-rtos/arch/arm/init.o
                0x0040879c                free_rtos_init
                0x00408850                arch_early_init
 .text          0x004088a8        0x0 /home/dumpram/Desktop/odroid-xen-rtos/arch/arm/boot.o
 *fill*         0x004088a8       0x18 
 .text          0x004088c0       0x40 /home/dumpram/Desktop/odroid-xen-rtos/arch/arm/vectors.o
                0x004088c0                exception_vector_table
 .text          0x00408900       0x48 /home/dumpram/Desktop/odroid-xen-rtos/arch/arm/cache.o
 .text          0x00408948      0x954 /home/dumpram/Desktop/odroid-xen-rtos/drivers/gpio/exynos5422-gpio.o
 .text          0x0040929c      0x660 /home/dumpram/Desktop/odroid-xen-rtos/drivers/irqchip/gic.o
                0x004092ec                gic_set_priority
                0x00409394                gic_route_interrupt
                0x00409508                gic_enable_interrupt
                0x004095e0                gic_enable_interrupts
                0x00409620                gic_disable_interrupts
                0x00409660                gic_cpu_set_priority
                0x0040969c                gic_readiar
                0x004096d0                gic_eoir
                0x0040970c                gic_init
                0x004097b4                gic_pmr
                0x004097dc                gic_bpr
                0x00409804                gic_rpr
 .text          0x004098fc       0xc8 /home/dumpram/Desktop/odroid-xen-rtos/drivers/clocksource/gt.o
                0x004098fc                gt_get_cntv_cval
                0x00409944                gt_get_cntvct
                0x0040998c                gt_set_cntv_cval
                0x004099a8                gt_set_cntvct
 .text          0x004099c4       0x48 /home/dumpram/Desktop/odroid-xen-rtos/drivers/clocksource/gt_reg.o
                0x004099c4                gt_get_cntfrq
                0x004099cc                gt_get_cntkctl
                0x004099d4                gt_get_cntp_tval
                0x004099dc                gt_get_cntp_ctl
                0x004099e4                gt_get_cntv_tval
                0x004099ec                gt_get_cntv_ctl
                0x004099f4                gt_set_cntv_ctl
                0x004099fc                gt_set_cntv_tval
                0x00409a04                gt_set_cntp_tval
 .text          0x00409a0c        0x0 /home/dumpram/Desktop/odroid-xen-rtos/lib/FreeRTOS/timers.o
 .text          0x00409a0c     0x24bc /home/dumpram/Desktop/odroid-xen-rtos/lib/FreeRTOS/tasks.o
                0x00409a0c                xTaskCreate
                0x00409e18                vTaskDelete
                0x00409f50                vTaskDelayUntil
                0x0040a054                vTaskDelay
                0x0040a0a8                uxTaskPriorityGet
                0x0040a0fc                uxTaskPriorityGetFromISR
                0x0040a158                vTaskPrioritySet
                0x0040a33c                vTaskSuspend
                0x0040a4ec                vTaskResume
                0x0040a5e0                xTaskResumeFromISR
                0x0040a6f8                vTaskStartScheduler
                0x0040a784                vTaskEndScheduler
                0x0040a7a8                vTaskSuspendAll
                0x0040a7cc                xTaskResumeAll
                0x0040a9b0                xTaskGetTickCount
                0x0040a9d4                xTaskGetTickCountFromISR
                0x0040aa00                uxTaskGetNumberOfTasks
                0x0040aa14                pcTaskGetName
                0x0040aa54                xTaskIncrementTick
                0x0040ace0                vTaskSwitchContext
                0x0040adf0                vTaskPlaceOnEventList
                0x0040ae34                vTaskPlaceOnUnorderedEventList
                0x0040ae94                xTaskRemoveFromEventList
                0x0040afb4                xTaskRemoveFromUnorderedEventList
                0x0040b0ac                vTaskSetTimeOutState
                0x0040b0e8                xTaskCheckForTimeOut
                0x0040b1d8                vTaskMissedYield
                0x0040b21c                vTaskSetThreadLocalStoragePointer
                0x0040b284                pvTaskGetThreadLocalStoragePointer
                0x0040b534                xTaskGetCurrentTaskHandle
                0x0040b558                xTaskGetSchedulerState
                0x0040b5b4                uxTaskResetEventItemValue
                0x0040b600                ulTaskNotifyTake
                0x0040b6e8                xTaskNotifyWait
                0x0040b814                xTaskGenericNotify
                0x0040b9bc                xTaskGenericNotifyFromISR
                0x0040bbc4                vTaskNotifyGiveFromISR
                0x0040bd1c                xTaskNotifyStateClear
 .text          0x0040bec8      0x6e0 /home/dumpram/Desktop/odroid-xen-rtos/lib/FreeRTOS/event_groups.o
                0x0040bec8                xEventGroupCreate
                0x0040bf14                xEventGroupSync
                0x0040c098                xEventGroupWaitBits
                0x0040c25c                xEventGroupClearBits
                0x0040c2b4                xEventGroupGetBitsFromISR
                0x0040c2f4                xEventGroupSetBits
                0x0040c480                vEventGroupDelete
                0x0040c4e4                vEventGroupSetBitsCallback
                0x0040c50c                vEventGroupClearBitsCallback
 .text          0x0040c5a8     0x1048 /home/dumpram/Desktop/odroid-xen-rtos/lib/FreeRTOS/queue.o
                0x0040c5a8                xQueueGenericReset
                0x0040c6c0                xQueueGenericCreate
                0x0040c7cc                xQueueCreateCountingSemaphore
                0x0040c818                xQueueGenericSend
                0x0040c9ec                xQueueGenericSendFromISR
                0x0040caec                xQueueGiveFromISR
                0x0040cbe0                xQueueGenericReceive
                0x0040ce08                xQueueReceiveFromISR
                0x0040cf04                xQueuePeekFromISR
                0x0040cf84                uxQueueMessagesWaiting
                0x0040cfb4                uxQueueSpacesAvailable
                0x0040cff8                uxQueueMessagesWaitingFromISR
                0x0040d01c                vQueueDelete
                0x0040d388                xQueueIsQueueEmptyFromISR
                0x0040d414                xQueueIsQueueFullFromISR
                0x0040d458                vQueueAddToRegistry
                0x0040d4e0                pcQueueGetName
                0x0040d560                vQueueUnregisterQueue
 .text          0x0040d5f0      0x14c /home/dumpram/Desktop/odroid-xen-rtos/lib/FreeRTOS/portable/MemMang/heap_1.o
                0x0040d5f0                pvPortMalloc
                0x0040d6f4                vPortFree
                0x0040d708                vPortInitialiseBlocks
                0x0040d720                xPortGetFreeHeapSize
 .text          0x0040d73c      0x570 /home/dumpram/Desktop/odroid-xen-rtos/lib/FreeRTOS/portable/GCC/ARM_CA7/port.o
                0x0040d73c                pxPortInitialiseStack
                0x0040d9ac                xPortStartScheduler
                0x0040da10                vPortEndScheduler
                0x0040da18                vPortEnterCritical
                0x0040da50                vPortExitCritical
                0x0040dadc                FreeRTOS_Tick_Handler
                0x0040dba0                vPortTaskUsesFPU
                0x0040dbd0                vPortClearInterruptMask
                0x0040dc30                ulPortSetInterruptMask
 *fill*         0x0040dcac        0x4 
 .text          0x0040dcb0      0x2e4 /home/dumpram/Desktop/odroid-xen-rtos/lib/FreeRTOS/portable/GCC/ARM_CA7/portASM.o
                0x0040dcb0                FreeRTOS_SWI_Handler
                0x0040dd58                vPortRestoreTaskContext
                0x0040ddc0                FreeRTOS_IRQ_Handler
                0x0040df30                vApplicationIRQHandler
 .text          0x0040df94      0x258 /home/dumpram/Desktop/odroid-xen-rtos/lib/FreeRTOS/list.o
                0x0040df94                vListInitialise
                0x0040dff0                vListInitialiseItem
                0x0040e010                vListInsertEnd
                0x0040e08c                vListInsert
                0x0040e158                uxListRemove
 .text          0x0040e1ec        0x0 /home/dumpram/Desktop/odroid-xen-rtos/lib/FreeRTOS/croutine.o
 .text          0x0040e1ec      0x250 /home/dumpram/Desktop/odroid-xen-rtos/lib/utils/print.o
                0x0040e1ec                print_simple
                0x0040e220                dump_register
                0x0040e2bc                print_register
 .text          0x0040e43c      0x244 main.o
                0x0040e43c                vTaskHeartBeat
                0x0040e4ac                external_irq_handler
                0x0040e4c4                vTaskPinMonitor
                0x0040e5d0                main
 .text          0x0040e680        0x0 /home/dumpram/arm-compilers/gcc-arm-none-eabi-5_4-2016q3/arm-none-eabi/lib/libc.a(lib_a-memcpy-stub.o)
 .text          0x0040e680        0x0 /home/dumpram/arm-compilers/gcc-arm-none-eabi-5_4-2016q3/arm-none-eabi/lib/libc.a(lib_a-memset.o)
 .text          0x0040e680        0x0 /home/dumpram/arm-compilers/gcc-arm-none-eabi-5_4-2016q3/arm-none-eabi/lib/libc.a(lib_a-strcpy.o)
 .text          0x0040e680        0x0 /home/dumpram/arm-compilers/gcc-arm-none-eabi-5_4-2016q3/arm-none-eabi/lib/libc.a(lib_a-strlen-stub.o)

.glue_7         0x0040e680        0x0
 .glue_7        0x0040e680        0x0 linker stubs

.glue_7t        0x0040e680        0x0
 .glue_7t       0x0040e680        0x0 linker stubs

.vfp11_veneer   0x0040e680        0x0
 .vfp11_veneer  0x0040e680        0x0 linker stubs

.v4_bx          0x0040e680        0x0
 .v4_bx         0x0040e680        0x0 linker stubs

.iplt           0x0040e680        0x0
 .iplt          0x0040e680        0x0 /home/dumpram/Desktop/odroid-xen-rtos/api/memory.o

.text.memcpy    0x0040e680       0xf0
 .text.memcpy   0x0040e680       0xf0 /home/dumpram/arm-compilers/gcc-arm-none-eabi-5_4-2016q3/arm-none-eabi/lib/libc.a(lib_a-memcpy-stub.o)
                0x0040e680                memcpy

.text.memset    0x0040e770       0xf4
 .text.memset   0x0040e770       0xf4 /home/dumpram/arm-compilers/gcc-arm-none-eabi-5_4-2016q3/arm-none-eabi/lib/libc.a(lib_a-memset.o)
                0x0040e770                memset

.text.strcpy    0x0040e864       0xf0
 .text.strcpy   0x0040e864       0xf0 /home/dumpram/arm-compilers/gcc-arm-none-eabi-5_4-2016q3/arm-none-eabi/lib/libc.a(lib_a-strcpy.o)
                0x0040e864                strcpy

.text.strlen    0x0040e954       0x60
 .text.strlen   0x0040e954       0x60 /home/dumpram/arm-compilers/gcc-arm-none-eabi-5_4-2016q3/arm-none-eabi/lib/libc.a(lib_a-strlen-stub.o)
                0x0040e954                strlen
                0x0040e9b4                . = ALIGN (0x4)

.rodata         0x0040e9b4      0x1ab
 *(.rodata)
 .rodata        0x0040e9b4       0x3f /home/dumpram/Desktop/odroid-xen-rtos/arch/arm/init.o
 *fill*         0x0040e9f3        0x1 
 .rodata        0x0040e9f4       0x45 /home/dumpram/Desktop/odroid-xen-rtos/drivers/gpio/exynos5422-gpio.o
 *fill*         0x0040ea39        0x3 
 .rodata        0x0040ea3c        0x5 /home/dumpram/Desktop/odroid-xen-rtos/lib/FreeRTOS/tasks.o
 *fill*         0x0040ea41        0x3 
 .rodata        0x0040ea44      0x11b main.o

.rel.dyn        0x0040eb60        0x0
 .rel.iplt      0x0040eb60        0x0 /home/dumpram/Desktop/odroid-xen-rtos/api/memory.o

.data           0x0040eb60       0x30
 *(.data)
 .data          0x0040eb60        0x0 /home/dumpram/Desktop/odroid-xen-rtos/api/time.o
 .data          0x0040eb60        0x0 /home/dumpram/Desktop/odroid-xen-rtos/api/memory.o
 .data          0x0040eb60        0x0 /home/dumpram/Desktop/odroid-xen-rtos/api/gpio.o
 .data          0x0040eb60        0x0 /home/dumpram/Desktop/odroid-xen-rtos/api/interrupt.o
 .data          0x0040eb60        0x0 /home/dumpram/Desktop/odroid-xen-rtos/arch/xen/hypercall.o
 .data          0x0040eb60        0x0 /home/dumpram/Desktop/odroid-xen-rtos/arch/arm/init.o
 .data          0x0040eb60        0x0 /home/dumpram/Desktop/odroid-xen-rtos/arch/arm/boot.o
 .data          0x0040eb60        0x0 /home/dumpram/Desktop/odroid-xen-rtos/arch/arm/vectors.o
 .data          0x0040eb60        0x0 /home/dumpram/Desktop/odroid-xen-rtos/arch/arm/cache.o
 .data          0x0040eb60       0x14 /home/dumpram/Desktop/odroid-xen-rtos/drivers/gpio/exynos5422-gpio.o
                0x0040eb60                exynos5422_gpio_driver
 .data          0x0040eb74       0x14 /home/dumpram/Desktop/odroid-xen-rtos/drivers/irqchip/gic.o
                0x0040eb74                gic_driver
 .data          0x0040eb88        0x0 /home/dumpram/Desktop/odroid-xen-rtos/drivers/clocksource/gt.o
 .data          0x0040eb88        0x0 /home/dumpram/Desktop/odroid-xen-rtos/drivers/clocksource/gt_reg.o
 .data          0x0040eb88        0x0 /home/dumpram/Desktop/odroid-xen-rtos/lib/FreeRTOS/timers.o
 .data          0x0040eb88        0x0 /home/dumpram/Desktop/odroid-xen-rtos/lib/FreeRTOS/tasks.o
 .data          0x0040eb88        0x0 /home/dumpram/Desktop/odroid-xen-rtos/lib/FreeRTOS/event_groups.o
 .data          0x0040eb88        0x0 /home/dumpram/Desktop/odroid-xen-rtos/lib/FreeRTOS/queue.o
 .data          0x0040eb88        0x0 /home/dumpram/Desktop/odroid-xen-rtos/lib/FreeRTOS/portable/MemMang/heap_1.o
 .data          0x0040eb88        0x8 /home/dumpram/Desktop/odroid-xen-rtos/lib/FreeRTOS/portable/GCC/ARM_CA7/port.o
                0x0040eb88                ulCriticalNesting
                0x0040eb8c                ulMaxAPIPriorityMask
 .data          0x0040eb90        0x0 /home/dumpram/Desktop/odroid-xen-rtos/lib/FreeRTOS/portable/GCC/ARM_CA7/portASM.o
 .data          0x0040eb90        0x0 /home/dumpram/Desktop/odroid-xen-rtos/lib/FreeRTOS/list.o
 .data          0x0040eb90        0x0 /home/dumpram/Desktop/odroid-xen-rtos/lib/FreeRTOS/croutine.o
 .data          0x0040eb90        0x0 /home/dumpram/Desktop/odroid-xen-rtos/lib/utils/print.o
 .data          0x0040eb90        0x0 main.o
 .data          0x0040eb90        0x0 /home/dumpram/arm-compilers/gcc-arm-none-eabi-5_4-2016q3/arm-none-eabi/lib/libc.a(lib_a-memcpy-stub.o)
 .data          0x0040eb90        0x0 /home/dumpram/arm-compilers/gcc-arm-none-eabi-5_4-2016q3/arm-none-eabi/lib/libc.a(lib_a-memset.o)
 .data          0x0040eb90        0x0 /home/dumpram/arm-compilers/gcc-arm-none-eabi-5_4-2016q3/arm-none-eabi/lib/libc.a(lib_a-strcpy.o)
 .data          0x0040eb90        0x0 /home/dumpram/arm-compilers/gcc-arm-none-eabi-5_4-2016q3/arm-none-eabi/lib/libc.a(lib_a-strlen-stub.o)

.igot.plt       0x0040eb90        0x0
 .igot.plt      0x0040eb90        0x0 /home/dumpram/Desktop/odroid-xen-rtos/api/memory.o
                0x0040eb90                . = ALIGN (0x4)
                0x0040eb90                _end = .
                0x0040eb90                . = ALIGN (0x8)
                0x0040eb90                _start_stacks = .
                0x00412b90                svc_stack = (_start_stacks + 0x4000)
                0x00416b90                irq_stack = (_start_stacks + 0x8000)
                0x0041ab90                firq_stack = (_start_stacks + 0xc000)
                0x0041eb90                abt_stack = (_start_stacks + 0x10000)
                0x00422b90                und_stack = (_start_stacks + 0x14000)
                0x00422b90                . = und_stack
                0x00422b90                . = ALIGN (0x4)
                0x00422b90                _bss_start = .

.bss            0x00422b90     0x39f0
 *(.bss)
 .bss           0x00422b90        0x0 /home/dumpram/Desktop/odroid-xen-rtos/api/time.o
 .bss           0x00422b90        0x0 /home/dumpram/Desktop/odroid-xen-rtos/api/memory.o
 .bss           0x00422b90        0x4 /home/dumpram/Desktop/odroid-xen-rtos/api/gpio.o
 .bss           0x00422b94     0x1004 /home/dumpram/Desktop/odroid-xen-rtos/api/interrupt.o
 .bss           0x00423b98        0x0 /home/dumpram/Desktop/odroid-xen-rtos/arch/xen/hypercall.o
 .bss           0x00423b98        0x0 /home/dumpram/Desktop/odroid-xen-rtos/arch/arm/init.o
 .bss           0x00423b98        0x0 /home/dumpram/Desktop/odroid-xen-rtos/arch/arm/boot.o
 .bss           0x00423b98        0x0 /home/dumpram/Desktop/odroid-xen-rtos/arch/arm/vectors.o
 .bss           0x00423b98        0x0 /home/dumpram/Desktop/odroid-xen-rtos/arch/arm/cache.o
 .bss           0x00423b98        0x0 /home/dumpram/Desktop/odroid-xen-rtos/drivers/gpio/exynos5422-gpio.o
 .bss           0x00423b98        0x0 /home/dumpram/Desktop/odroid-xen-rtos/drivers/irqchip/gic.o
 .bss           0x00423b98        0x0 /home/dumpram/Desktop/odroid-xen-rtos/drivers/clocksource/gt.o
 .bss           0x00423b98        0x0 /home/dumpram/Desktop/odroid-xen-rtos/drivers/clocksource/gt_reg.o
 .bss           0x00423b98        0x0 /home/dumpram/Desktop/odroid-xen-rtos/lib/FreeRTOS/timers.o
 .bss           0x00423b98      0x104 /home/dumpram/Desktop/odroid-xen-rtos/lib/FreeRTOS/tasks.o
                0x00423b98                pxCurrentTCB
 .bss           0x00423c9c        0x0 /home/dumpram/Desktop/odroid-xen-rtos/lib/FreeRTOS/event_groups.o
 .bss           0x00423c9c        0x0 /home/dumpram/Desktop/odroid-xen-rtos/lib/FreeRTOS/queue.o
 .bss           0x00423c9c     0x2808 /home/dumpram/Desktop/odroid-xen-rtos/lib/FreeRTOS/portable/MemMang/heap_1.o
 .bss           0x004264a4        0xc /home/dumpram/Desktop/odroid-xen-rtos/lib/FreeRTOS/portable/GCC/ARM_CA7/port.o
                0x004264a4                ulPortTaskHasFPUContext
                0x004264a8                ulPortYieldRequired
                0x004264ac                ulPortInterruptNesting
 .bss           0x004264b0        0x0 /home/dumpram/Desktop/odroid-xen-rtos/lib/FreeRTOS/portable/GCC/ARM_CA7/portASM.o
 .bss           0x004264b0        0x0 /home/dumpram/Desktop/odroid-xen-rtos/lib/FreeRTOS/list.o
 .bss           0x004264b0        0x0 /home/dumpram/Desktop/odroid-xen-rtos/lib/FreeRTOS/croutine.o
 .bss           0x004264b0       0x64 /home/dumpram/Desktop/odroid-xen-rtos/lib/utils/print.o
 .bss           0x00426514        0x0 main.o
 .bss           0x00426514        0x0 /home/dumpram/arm-compilers/gcc-arm-none-eabi-5_4-2016q3/arm-none-eabi/lib/libc.a(lib_a-memcpy-stub.o)
 .bss           0x00426514        0x0 /home/dumpram/arm-compilers/gcc-arm-none-eabi-5_4-2016q3/arm-none-eabi/lib/libc.a(lib_a-memset.o)
 .bss           0x00426514        0x0 /home/dumpram/arm-compilers/gcc-arm-none-eabi-5_4-2016q3/arm-none-eabi/lib/libc.a(lib_a-strcpy.o)
 .bss           0x00426514        0x0 /home/dumpram/arm-compilers/gcc-arm-none-eabi-5_4-2016q3/arm-none-eabi/lib/libc.a(lib_a-strlen-stub.o)
 COMMON         0x00426514        0x4 /home/dumpram/Desktop/odroid-xen-rtos/api/memory.o
                0x00426514                phy_to_virt_offset
 COMMON         0x00426518        0x8 /home/dumpram/Desktop/odroid-xen-rtos/drivers/irqchip/gic.o
                0x00426518                gic
 COMMON         0x00426520       0x50 /home/dumpram/Desktop/odroid-xen-rtos/lib/FreeRTOS/queue.o
                0x00426520                xQueueRegistry
 COMMON         0x00426570        0xc /home/dumpram/Desktop/odroid-xen-rtos/lib/FreeRTOS/portable/GCC/ARM_CA7/port.o
                0x00426570                ulICCIAR
                0x00426574                ulICCPMR
                0x00426578                ulICCEOIR
 COMMON         0x0042657c        0x4 main.o
                0x0042657c                xBinarySemaphore
                0x00426580                . = ALIGN (0x4)
                0x00426580                _bss_end = .
                0x00428000                . = ALIGN (0x4000)
                0x00428000                _l1_page_table = .
                0x0042c000                _l1_page_table_end = (_l1_page_table + 0x4000)
                0x0042c000                . = _l1_page_table_end
OUTPUT(04_GPIO_InterruptTest_App.elf elf32-littlearm)

.comment        0x00000000       0x6e
 .comment       0x00000000       0x6e /home/dumpram/Desktop/odroid-xen-rtos/api/time.o
                                 0x6f (size before relaxing)
 .comment       0x0000006e       0x6f /home/dumpram/Desktop/odroid-xen-rtos/api/memory.o
 .comment       0x0000006e       0x6f /home/dumpram/Desktop/odroid-xen-rtos/api/gpio.o
 .comment       0x0000006e       0x6f /home/dumpram/Desktop/odroid-xen-rtos/api/interrupt.o
 .comment       0x0000006e       0x6f /home/dumpram/Desktop/odroid-xen-rtos/arch/arm/init.o
 .comment       0x0000006e       0x6f /home/dumpram/Desktop/odroid-xen-rtos/drivers/gpio/exynos5422-gpio.o
 .comment       0x0000006e       0x6f /home/dumpram/Desktop/odroid-xen-rtos/drivers/irqchip/gic.o
 .comment       0x0000006e       0x6f /home/dumpram/Desktop/odroid-xen-rtos/drivers/clocksource/gt.o
 .comment       0x0000006e       0x6f /home/dumpram/Desktop/odroid-xen-rtos/lib/FreeRTOS/timers.o
 .comment       0x0000006e       0x6f /home/dumpram/Desktop/odroid-xen-rtos/lib/FreeRTOS/tasks.o
 .comment       0x0000006e       0x6f /home/dumpram/Desktop/odroid-xen-rtos/lib/FreeRTOS/event_groups.o
 .comment       0x0000006e       0x6f /home/dumpram/Desktop/odroid-xen-rtos/lib/FreeRTOS/queue.o
 .comment       0x0000006e       0x6f /home/dumpram/Desktop/odroid-xen-rtos/lib/FreeRTOS/portable/MemMang/heap_1.o
 .comment       0x0000006e       0x6f /home/dumpram/Desktop/odroid-xen-rtos/lib/FreeRTOS/portable/GCC/ARM_CA7/port.o
 .comment       0x0000006e       0x6f /home/dumpram/Desktop/odroid-xen-rtos/lib/FreeRTOS/list.o
 .comment       0x0000006e       0x6f /home/dumpram/Desktop/odroid-xen-rtos/lib/FreeRTOS/croutine.o
 .comment       0x0000006e       0x6f /home/dumpram/Desktop/odroid-xen-rtos/lib/utils/print.o
 .comment       0x0000006e       0x6f main.o

.ARM.attributes
                0x00000000       0x3b
 .ARM.attributes
                0x00000000       0x3d /home/dumpram/Desktop/odroid-xen-rtos/api/time.o
 .ARM.attributes
                0x0000003d       0x3d /home/dumpram/Desktop/odroid-xen-rtos/api/memory.o
 .ARM.attributes
                0x0000007a       0x3d /home/dumpram/Desktop/odroid-xen-rtos/api/gpio.o
 .ARM.attributes
                0x000000b7       0x3d /home/dumpram/Desktop/odroid-xen-rtos/api/interrupt.o
 .ARM.attributes
                0x000000f4       0x2b /home/dumpram/Desktop/odroid-xen-rtos/arch/xen/hypercall.o
 .ARM.attributes
                0x0000011f       0x3d /home/dumpram/Desktop/odroid-xen-rtos/arch/arm/init.o
 .ARM.attributes
                0x0000015c       0x2b /home/dumpram/Desktop/odroid-xen-rtos/arch/arm/boot.o
 .ARM.attributes
                0x00000187       0x2b /home/dumpram/Desktop/odroid-xen-rtos/arch/arm/vectors.o
 .ARM.attributes
                0x000001b2       0x2b /home/dumpram/Desktop/odroid-xen-rtos/arch/arm/cache.o
 .ARM.attributes
                0x000001dd       0x3d /home/dumpram/Desktop/odroid-xen-rtos/drivers/gpio/exynos5422-gpio.o
 .ARM.attributes
                0x0000021a       0x3d /home/dumpram/Desktop/odroid-xen-rtos/drivers/irqchip/gic.o
 .ARM.attributes
                0x00000257       0x3d /home/dumpram/Desktop/odroid-xen-rtos/drivers/clocksource/gt.o
 .ARM.attributes
                0x00000294       0x2b /home/dumpram/Desktop/odroid-xen-rtos/drivers/clocksource/gt_reg.o
 .ARM.attributes
                0x000002bf       0x3d /home/dumpram/Desktop/odroid-xen-rtos/lib/FreeRTOS/timers.o
 .ARM.attributes
                0x000002fc       0x3d /home/dumpram/Desktop/odroid-xen-rtos/lib/FreeRTOS/tasks.o
 .ARM.attributes
                0x00000339       0x3d /home/dumpram/Desktop/odroid-xen-rtos/lib/FreeRTOS/event_groups.o
 .ARM.attributes
                0x00000376       0x3d /home/dumpram/Desktop/odroid-xen-rtos/lib/FreeRTOS/queue.o
 .ARM.attributes
                0x000003b3       0x3d /home/dumpram/Desktop/odroid-xen-rtos/lib/FreeRTOS/portable/MemMang/heap_1.o
 .ARM.attributes
                0x000003f0       0x3d /home/dumpram/Desktop/odroid-xen-rtos/lib/FreeRTOS/portable/GCC/ARM_CA7/port.o
 .ARM.attributes
                0x0000042d       0x2b /home/dumpram/Desktop/odroid-xen-rtos/lib/FreeRTOS/portable/GCC/ARM_CA7/portASM.o
 .ARM.attributes
                0x00000458       0x3d /home/dumpram/Desktop/odroid-xen-rtos/lib/FreeRTOS/list.o
 .ARM.attributes
                0x00000495       0x3d /home/dumpram/Desktop/odroid-xen-rtos/lib/FreeRTOS/croutine.o
 .ARM.attributes
                0x000004d2       0x3d /home/dumpram/Desktop/odroid-xen-rtos/lib/utils/print.o
 .ARM.attributes
                0x0000050f       0x3d main.o
 .ARM.attributes
                0x0000054c       0x30 /home/dumpram/arm-compilers/gcc-arm-none-eabi-5_4-2016q3/arm-none-eabi/lib/libc.a(lib_a-memcpy-stub.o)
 .ARM.attributes
                0x0000057c       0x30 /home/dumpram/arm-compilers/gcc-arm-none-eabi-5_4-2016q3/arm-none-eabi/lib/libc.a(lib_a-memset.o)
 .ARM.attributes
                0x000005ac       0x30 /home/dumpram/arm-compilers/gcc-arm-none-eabi-5_4-2016q3/arm-none-eabi/lib/libc.a(lib_a-strcpy.o)
 .ARM.attributes
                0x000005dc       0x30 /home/dumpram/arm-compilers/gcc-arm-none-eabi-5_4-2016q3/arm-none-eabi/lib/libc.a(lib_a-strlen-stub.o)

.debug_frame    0x00000000       0xac
 .debug_frame   0x00000000       0x3c /home/dumpram/arm-compilers/gcc-arm-none-eabi-5_4-2016q3/arm-none-eabi/lib/libc.a(lib_a-memcpy-stub.o)
 .debug_frame   0x0000003c       0x30 /home/dumpram/arm-compilers/gcc-arm-none-eabi-5_4-2016q3/arm-none-eabi/lib/libc.a(lib_a-memset.o)
 .debug_frame   0x0000006c       0x20 /home/dumpram/arm-compilers/gcc-arm-none-eabi-5_4-2016q3/arm-none-eabi/lib/libc.a(lib_a-strcpy.o)
 .debug_frame   0x0000008c       0x20 /home/dumpram/arm-compilers/gcc-arm-none-eabi-5_4-2016q3/arm-none-eabi/lib/libc.a(lib_a-strlen-stub.o)
